// Jest Snapshot v1, https://goo.gl/fbAQLP

exports[`matches snapshot 1`] = `
<div>
  <div
    class="Letters"
  >
    <div
      class="Letter Letter-isCenter"
    >
      <span>
        Z
      </span>
    </div>
    <div
      class="Letter "
    >
      <span>
        A
      </span>
    </div>
    <div
      class="Letter "
    >
      <span>
        B
      </span>
    </div>
    <div
      class="Letter "
    >
      <span>
        C
      </span>
    </div>
    <button
      class="Letters-randomize"
    >
      ‚ü≤
    </button>
  </div>
</div>
`;
